$1
1  1  0  0  0  1  0  0  1  1  0  1  1  1  1  0  1  0  1  0  0  0  0  0  0
1  1  0  1  1  0  1  0  0  1  0  1  1  1  1  1  0  0  1  0  0  0  1  1  0
1  1  1  0  1  1  1  0  1  0  1  1  0  0  1  1  0  1  1  0  0  0  1  0  1
0  1  1  1  1  1  1  0  1  0  0  0  1  1  0  0  1  1  0  1  0  1  0  1  1
1  0  1  1  0  0  1  1  0  1  0  0  0  0  1  1  1  1  1  1  1  0  1  0  1
0  0  1  0  1  1  1  0  0  0  1  0  1  0  0  1  0  0  1  1  0  0  1  0  1
1  0  0  1  1  1  0  0  1  1  0  0  0  1  1  0  1  1  1  0  1  1  1  0  1
0  0  1  0  0  0  0  0  0  0  0  0  0  1  1  1  0  0  1  0  0  0  0  1  1
1  1  1  1  0  0  0  1  1  1  0  0  0  1  1  1  0  0  1  1  1  0  0  1  1
0  1  1  0  0  1  0  0  0  0  0  1  1  0  0  0  0  0  1  0  1  1  1  1  1
1  1  1  0  1  1  0  1  0  1  1  0  0  1  1  0  0  1  1  1  1  0  1  1  1
0  0  0  0  0  0  0  1  1  1  0  1  1  1  1  1  1  1  0  1  0  1  1  1  0
0  1  1  0  0  1  0  1  1  0  0  1  0  1  1  1  0  0  0  1  1  1  1  1  1
1  0  1  1  0  1  1  0  0  0  0  0  1  1  0  0  1  1  0  0  0  1  0  1  1
0  1  1  1  1  1  1  0  0  1  0  0  0  1  1  0  1  0  0  0  0  0  0  1  0
1  1  1  0  0  0  1  0  0  0  0  1  1  0  0  0  1  1  0  1  0  0  0  0  0
0  1  1  1  0  1  1  1  0  0  1  0  1  0  0  1  0  1  1  0  0  0  0  0  0
1  1  1  1  0  1  1  0  0  1  0  1  0  1  0  0  0  0  1  0  1  1  0  0  0
0  1  0  1  0  1  0  1  0  0  1  0  1  0  1  1  0  0  0  0  1  0  1  0  0
1  0  1  1  0  0  0  0  0  1  0  0  1  0  0  1  1  0  0  0  0  1  0  1  1
1  0  1  0  0  1  1  0  1  1  1  0  0  1  0  0  0  0  1  0  0  1  1  1  0
0  1  0  1  1  1  0  0  1  0  0  0  1  1  1  1  1  0  1  1  1  0  0  0  1
0  0  1  0  1  0  0  0  1  1  1  1  0  0  0  1  0  1  1  1  1  0  0  0  0
0  0  1  0  1  1  0  0  1  0  1  0  0  1  0  1  1  0  1  1  0  0  0  0  1
1  1  1  1  1  1  0  1  0  1  0  0  0  1  1  0  0  0  1  1  1  0  0  1  0
$2
1  0  1  0  0  0  0  0  0  1  1  1  0  0  0  1  0  1  1  0  0  1  1  0  0
1  0  1  0  0  1  0  0  0  0  1  0  1  1  1  1  0  0  0  0  1  1  0  0  0
1  1  0  0  0  0  1  1  1  0  1  1  1  0  0  1  1  1  0  1  1  0  0  0  0
1  1  1  1  0  1  1  0  1  1  1  1  1  1  1  1  0  1  1  1  0  0  1  0  0
1  1  0  0  1  1  1  0  1  1  0  1  1  0  1  1  1  1  1  1  0  1  0  0  1
1  1  0  0  1  0  0  1  0  0  1  0  1  1  0  1  0  0  0  1  0  1  0  1  1
1  1  1  0  0  1  1  0  1  0  1  0  0  0  0  1  1  0  1  1  1  0  1  1  0
1  0  1  1  0  1  1  0  0  0  0  0  0  1  0  1  0  1  0  0  1  0  0  1  0
1  1  1  0  0  0  1  0  0  0  1  0  1  0  0  0  1  1  1  1  0  1  1  1  0
1  0  0  0  0  0  0  1  0  1  0  0  0  0  0  1  1  1  1  0  0  1  0  1  0
1  0  1  0  0  1  1  1  1  0  0  1  0  0  0  1  1  1  0  0  0  0  0  0  0
0  0  1  1  1  1  0  1  0  0  0  0  1  0  1  0  1  1  1  0  0  1  1  0  1
0  0  0  0  0  1  0  1  0  1  1  0  0  0  1  0  1  0  1  1  0  0  0  0  1
0  1  0  0  0  0  0  1  0  0  1  0  0  0  1  0  1  1  1  1  1  1  0  0  1
1  1  0  1  1  1  0  0  1  0  1  1  1  0  0  0  0  0  0  1  0  1  1  1  1
0  1  1  0  0  1  1  0  1  1  1  0  0  0  0  1  0  0  1  1  1  1  1  1  0
0  1  0  1  0  1  1  0  1  0  1  1  1  0  1  0  1  0  1  1  1  1  0  0  0
0  0  0  0  0  0  1  1  1  1  1  1  1  1  1  0  0  0  1  1  1  0  0  0  1
0  0  0  0  1  1  1  0  0  1  0  1  1  1  0  1  1  0  0  1  0  1  0  0  0
1  1  0  0  0  0  1  1  1  1  1  1  0  1  0  1  1  1  0  0  0  1  1  0  0
0  1  0  1  0  1  1  0  0  1  1  1  1  1  0  0  0  0  0  1  0  0  1  0  1
0  1  0  1  1  1  1  1  1  0  1  1  1  0  0  0  0  1  0  0  0  1  0  1  0
0  0  0  1  0  1  0  1  1  0  0  1  1  0  1  0  1  1  0  1  0  1  0  0  0
0  1  0  1  0  1  0  0  0  1  0  1  0  1  1  0  0  1  0  1  0  1  0  1  1
1  0  0  1  1  0  0  0  0  0  1  1  0  1  1  1  1  0  1  1  1  1  0  1  1
$3
1  1  0  1  1  0  1  0  0  0  0  0  0  1  1  0  0  0  0  0  1  1  0  0  0
0  0  1  1  0  1  0  1  0  1  0  0  0  0  0  1  1  1  1  0  0  0  1  0  0
0  0  0  0  0  0  0  1  0  0  1  1  1  1  1  0  0  1  0  0  0  0  1  0  1
0  1  0  0  1  0  1  0  0  0  1  1  1  0  0  0  0  1  1  0  1  0  1  1  0
1  0  1  0  0  0  0  1  0  1  0  1  0  1  1  1  0  0  0  0  0  0  0  0  0
0  0  1  1  0  0  0  1  0  1  1  1  0  0  0  1  1  0  1  1  0  1  1  1  1
1  1  0  0  0  1  0  0  1  0  1  1  1  1  0  1  0  0  0  0  1  0  0  1  1
0  0  0  0  1  1  0  1  1  0  1  0  0  0  1  0  1  0  0  0  1  0  0  0  1
0  1  1  1  0  1  1  0  0  0  1  1  1  0  0  0  1  1  1  0  1  1  1  0  1
0  0  1  1  0  1  1  0  1  0  0  0  1  1  1  1  0  1  0  0  1  0  1  1  0
1  0  0  1  0  1  0  1  0  1  0  1  1  1  1  1  1  1  1  0  1  0  1  0  1
1  0  1  1  1  1  0  1  1  1  0  1  1  0  1  1  0  0  0  1  1  0  0  0  1
1  1  1  1  1  1  1  1  1  0  0  1  0  1  0  0  0  1  0  0  0  0  1  0  0
0  0  1  0  1  1  1  1  1  0  0  1  1  0  0  1  0  0  1  1  0  1  0  1  1
1  0  1  0  1  0  0  0  0  0  1  1  1  1  1  1  1  0  0  1  1  1  0  0  0
0  0  1  0  1  1  1  1  0  0  0  0  1  0  0  1  0  0  0  1  0  1  1  0  1
0  1  0  1  0  1  0  1  1  0  0  1  0  1  1  1  0  0  1  1  0  0  0  0  1
0  0  0  1  0  0  1  0  1  0  1  0  0  1  1  0  0  0  0  0  0  1  1  0  0
0  1  0  1  0  0  0  0  1  1  1  1  1  0  0  0  1  1  0  0  1  1  0  1  0
1  1  0  1  1  0  0  1  0  1  1  1  1  0  1  0  0  1  0  1  0  1  1  0  0
0  1  1  0  0  0  1  1  1  1  1  1  1  1  0  1  1  1  1  1  1  0  1  0  1
1  1  0  1  0  0  0  1  0  0  1  1  0  1  0  0  0  1  0  1  1  0  0  1  1
0  0  1  1  0  0  1  1  0  1  1  0  1  1  0  1  1  1  0  1  0  0  1  0  1
1  0  0  0  1  1  1  1  0  1  0  1  1  1  1  1  1  0  1  1  0  1  0  0  1
0  1  1  0  0  1  1  0  0  0  1  1  1  0  1  1  1  0  0  1  1  1  0  0  1
$4
1  0  0  0  0  1  0  1  0  1  1  1  1  1  0  0  0  1  1  1  1  1  1  1  1
0  1  0  0  1  0  1  0  0  0  0  1  1  1  1  1  1  0  0  1  1  1  0  0  1
1  0  0  0  0  0  0  0  0  1  1  0  0  1  0  0  1  1  1  1  1  1  0  1  1
0  1  0  1  0  0  1  1  0  0  0  0  0  1  1  0  1  1  0  1  1  1  1  1  1
0  0  0  0  1  0  1  0  0  1  0  0  0  1  0  0  0  1  0  0  0  0  0  1  0
0  1  0  0  0  1  1  0  0  0  1  0  0  1  0  0  0  0  1  1  0  0  1  0  0
1  1  1  1  0  0  1  0  1  1  1  1  0  0  0  1  1  1  0  0  1  1  0  0  1
0  0  0  1  0  0  0  0  1  1  1  1  1  1  1  0  1  0  1  1  1  1  1  1  0
0  1  1  1  0  1  0  1  1  1  1  1  1  1  0  1  1  0  0  0  0  1  0  1  0
1  0  0  1  1  0  0  0  1  0  1  0  0  1  0  0  1  1  1  1  0  1  0  1  1
1  0  1  0  1  0  1  1  0  1  0  1  0  0  1  0  1  1  0  0  1  0  1  0  0
0  1  0  1  1  0  0  1  0  0  0  1  1  1  1  1  0  0  0  0  0  0  1  0  1
1  0  0  0  1  0  0  1  0  1  1  1  1  1  0  1  1  0  1  1  0  1  0  0  0
1  0  1  1  1  0  1  1  0  1  0  0  1  1  0  1  0  0  1  0  0  1  0  1  1
0  1  1  1  1  0  1  1  1  1  1  0  0  1  1  0  0  1  1  1  0  0  0  0  0
0  1  0  0  0  1  1  1  1  0  1  0  0  1  0  1  1  1  0  1  1  0  1  1  1
1  1  0  1  1  0  1  0  0  1  0  1  1  0  0  0  1  1  0  0  0  0  0  1  0
0  0  0  1  1  0  1  0  1  0  0  0  0  0  0  0  1  0  0  0  0  0  0  1  1
0  0  1  0  1  1  0  0  1  1  0  0  1  1  1  1  1  1  1  1  0  0  1  0  0
1  1  0  1  0  0  1  0  0  0  0  1  1  1  0  0  0  1  1  0  1  0  0  1  1
0  0  0  1  1  1  1  1  0  0  0  1  1  0  0  1  0  0  0  1  1  0  0  0  0
1  1  0  0  0  0  1  1  1  0  1  0  1  0  1  0  0  1  1  1  1  0  0  0  1
0  1  1  0  0  0  1  1  1  0  1  0  1  0  0  1  0  1  0  0  1  1  0  0  1
0  0  1  1  0  0  0  1  1  1  1  1  1  0  0  1  0  0  0  0  1  0  1  1  1
0  1  0  1  1  1  1  0  0  0  1  0  1  0  1  0  0  0  1  1  0  1  1  1  1
$5
0  1  0  1  0  0  0  1  0  1  1  1  0  1  1  0  1  0  0  1  0  0  1  0  0
0  1  1  0  1  0  0  1  0  1  0  0  0  0  0  0  1  1  0  1  0  0  1  1  0
0  1  1  0  0  0  1  1  0  0  0  1  1  0  0  0  1  0  0  1  0  0  0  1  1
0  0  1  1  1  1  1  1  0  0  1  1  0  1  1  1  0  1  1  0  0  0  1  0  1
1  0  0  0  0  1  0  1  1  1  1  1  0  0  0  1  1  1  1  1  1  0  0  1  1
1  1  0  1  1  0  1  1  1  0  0  1  0  0  0  1  1  0  1  1  0  1  1  1  0
0  0  1  0  1  0  0  0  0  0  0  0  0  0  0  1  0  1  0  0  0  0  0  1  1
0  1  0  1  1  1  0  1  0  1  1  0  1  1  0  1  0  1  0  0  1  0  0  0  1
1  1  0  0  1  1  1  1  1  1  1  1  0  1  1  0  0  1  0  0  1  1  1  1  1
1  0  0  0  1  0  1  0  1  1  1  1  1  0  0  0  0  1  0  0  0  1  1  0  0
1  0  0  0  0  0  1  1  0  0  1  0  0  0  0  1  0  0  1  0  0  0  1  0  0
1  1  0  0  0  1  0  0  1  1  1  1  1  1  1  1  1  1  0  0  1  1  0  1  1
0  0  0  0  0  1  1  0  0  0  0  1  1  1  1  0  1  1  0  0  0  1  1  0  1
1  1  1  0  0  1  1  0  0  1  0  1  1  0  1  0  1  0  1  0  0  0  0  1  0
0  0  1  0  0  0  1  1  0  0  1  0  0  1  0  0  1  0  1  0  1  1  0  0  0
1  1  0  0  0  0  0  0  0  0  1  0  0  1  0  1  1  0  0  1  1  1  1  1  1
1  1  0  1  1  0  1  1  0  1  1  1  1  1  1  1  1  0  1  0  1  1  0  1  1
0  0  0  1  0  0  1  0  0  1  1  1  1  1  1  1  0  1  0  0  0  0  1  1  0
1  1  1  1  0  0  0  1  1  0  1  0  1  0  0  0  0  0  1  0  1  1  1  1  1
0  0  0  0  1  1  1  1  0  1  0  0  1  0  1  1  1  1  1  1  0  1  0  0  0
0  0  0  1  0  0  1  0  1  0  1  0  0  1  0  0  1  1  0  0  1  1  1  1  0
1  1  1  0  1  1  1  0  1  0  1  0  1  0  1  0  1  1  1  0  0  0  0  0  0
0  0  0  1  1  0  1  0  1  0  0  0  1  0  0  0  1  1  0  1  0  0  0  1  0
1  1  0  1  0  1  1  0  1  0  0  1  1  1  0  0  1  0  1  1  1  0  1  1  0
0  1  1  0  1  1  1  0  0  1  0  1  1  1  0  0  0  0  1  1  0  0  1  1  1
$6
0  0  1  0  0  0  1  0  0  1  1  0  0  0  0  1  0  0  0  1  1  0  0  0  1
1  1  1  1  1  0  1  1  1  0  1  1  1  0  0  0  0  1  1  1  1  1  0  1  1
1  0  0  1  0  0  0  0  1  1  0  0  1  1  0  0  0  1  1  0  1  1  0  1  0
0  1  1  1  0  0  1  1  0  1  0  1  0  1  0  0  1  0  0  1  1  0  0  0  1
0  1  0  1  1  1  0  1  1  0  0  1  1  1  0  1  0  0  0  0  1  1  1  1  0
0  1  1  0  1  0  0  1  0  0  0  1  1  0  1  1  0  0  0  1  0  0  0  1  0
1  1  0  1  1  0  0  0  1  1  0  0  1  0  0  0  0  0  0  1  1  0  1  1  0
1  1  1  0  1  1  0  1  1  1  0  1  1  1  0  0  0  0  1  0  1  1  0  1  1
0  1  1  1  1  0  1  1  0  0  0  1  1  1  1  0  1  1  1  0  1  1  1  0  1
0  0  0  1  1  1  0  1  1  1  0  0  0  0  0  0  0  0  0  0  0  1  0  1  1
1  1  1  1  0  0  0  0  0  0  1  0  0  0  0  0  0  1  0  0  0  1  1  0  1
0  1  1  0  1  1  0  1  1  1  1  1  0  0  1  0  1  1  0  1  0  1  1  0  0
1  0  1  1  1  1  0  0  1  1  1  1  1  0  1  1  1  0  0  0  0  1  0  0  1
0  0  1  0  0  1  1  0  1  0  1  1  1  0  1  1  0  1  1  1  0  0  1  0  0
1  1  1  0  0  0  1  0  0  0  0  1  0  0  1  0  1  0  1  0  0  0  1  1  0
0  0  0  1  0  0  1  1  1  1  0  0  1  0  1  0  1  1  1  0  1  1  1  0  1
0  1  1  1  0  1  1  0  1  0  1  0  1  0  1  1  1  0  0  1  1  0  1  0  1
1  0  0  1  1  0  1  1  1  0  1  0  1  0  1  1  0  0  1  1  0  0  1  0  1
0  0  0  1  1  1  0  1  0  1  1  1  1  0  0  1  0  0  1  1  0  1  1  1  0
0  1  0  0  1  0  0  1  0  1  1  0  1  1  0  0  1  1  1  1  0  0  1  0  0
0  0  1  0  0  0  1  0  1  0  1  0  0  0  0  1  1  1  0  1  1  0  0  0  1
0  1  0  1  0  0  1  1  0  0  1  0  0  1  1  1  1  0  0  0  1  0  0  1  0
1  1  1  1  1  0  1  0  0  1  0  0  0  1  0  0  0  0  0  0  0  0  0  1  1
1  0  0  0  0  0  1  1  0  0  0  1  0  0  1  0  0  1  1  1  0  0  0  1  1
0  1  1  1  1  0  0  0  0  1  0  1  1  0  0  0  1  1  1  1  1  1  1  0  0
$7
1  0  1  1  0  1  0  0  0  0  1  1  1  0  0  1  0  0  0  1  0  0  0  1  1
0  1  0  1  0  1  0  0  0  0  0  1  0  0  1  1  0  0  1  1  1  0  1  1  1
1  1  1  1  1  1  1  0  0  1  0  1  1  1  0  0  1  0  1  1  1  0  0  0  0
1  1  0  1  0  0  1  1  0  0  0  0  1  0  0  0  0  0  0  1  0  1  0  0  0
1  0  1  0  1  0  1  0  1  1  1  1  1  1  0  1  0  0  0  0  1  0  0  1  1
0  0  1  1  0  0  0  0  1  0  0  0  0  1  1  1  1  1  1  1  0  1  1  0  1
1  1  0  0  1  1  1  0  0  1  1  1  0  0  1  0  1  0  0  1  0  1  1  0  0
0  0  1  0  0  1  1  1  1  0  0  0  0  1  0  1  0  1  1  0  1  1  1  0  0
0  1  0  0  0  0  1  0  0  1  1  0  0  0  0  0  0  1  0  0  1  0  1  1  0
0  0  1  1  0  0  0  0  1  1  1  1  1  1  1  0  1  0  0  1  0  1  1  1  1
1  1  0  0  0  1  1  0  0  1  0  0  1  1  0  0  0  1  0  1  1  0  1  1  1
1  1  1  1  0  0  0  1  1  0  1  0  1  1  0  1  0  1  1  1  0  1  0  0  0
0  0  1  0  0  0  1  0  0  0  1  0  1  0  0  0  1  1  1  1  1  0  0  1  0
0  1  1  1  1  1  0  1  0  0  1  0  1  1  0  0  1  0  0  0  1  1  1  0  0
1  0  1  1  0  0  0  0  1  1  0  1  0  0  1  1  1  0  1  0  1  0  0  1  1
0  0  0  1  0  0  1  1  1  1  0  1  1  1  0  0  1  1  1  1  1  0  1  1  0
1  0  0  1  1  1  1  1  1  1  1  0  0  1  1  0  0  0  1  1  1  1  0  0  1
1  0  0  0  0  0  0  1  0  1  0  1  1  1  0  0  0  0  0  1  1  0  1  1  0
1  1  1  0  0  0  1  0  1  0  0  0  0  0  0  1  1  1  1  0  1  1  1  0  1
0  0  1  0  0  0  0  0  1  0  1  1  1  0  0  0  0  0  0  0  1  1  0  0  1
0  1  0  0  1  1  1  0  1  0  0  1  1  1  1  1  1  0  1  0  0  1  0  1  1
1  1  1  1  0  1  1  0  1  1  0  0  1  1  0  1  0  0  0  0  1  0  0  0  1
0  1  0  1  1  0  1  1  1  1  0  0  0  0  1  0  0  0  0  0  0  1  1  0  1
1  0  0  1  0  0  0  1  1  0  1  1  0  1  1  1  0  0  1  1  0  1  1  1  0
0  1  0  1  1  0  0  1  1  0  1  0  0  1  1  0  0  0  1  1  0  0  1  0  1
$8
1  1  1  0  0  1  0  1  1  0  0  0  0  1  0  1  1  0  1  1  0  1  0  1  0
1  0  0  1  0  1  1  1  0  1  0  1  1  1  0  0  0  1  0  1  0  1  1  0  0
1  1  0  1  0  0  0  1  0  1  0  0  1  0  1  0  1  0  0  0  1  0  0  0  1
0  0  0  0  1  0  0  1  1  0  0  0  1  0  0  1  1  1  0  1  1  0  1  0  1
1  1  1  0  0  1  1  1  1  1  0  0  0  0  1  0  1  1  0  1  1  1  1  0  1
0  0  0  0  1  1  0  0  1  0  0  0  1  1  0  1  1  0  0  0  0  1  0  1  0
1  0  0  0  1  1  0  0  0  1  1  0  1  0  0  0  0  1  0  0  0  1  0  0  1
0  1  0  1  1  1  1  1  0  1  1  0  1  0  1  1  1  0  0  1  1  0  0  1  0
1  1  1  0  1  0  1  1  0  0  1  1  1  0  0  1  1  0  0  0  0  1  1  1  1
0  1  0  1  1  0  1  1  1  0  1  1  0  1  0  0  1  1  0  1  0  0  1  1  0
1  0  0  1  1  1  0  1  1  0  1  0  0  1  0  0  0  0  1  1  1  1  0  1  0
1  0  1  1  1  1  1  0  1  1  0  1  1  0  0  1  1  1  0  0  0  1  1  0  0
1  1  0  0  1  1  1  1  1  1  0  0  0  1  1  1  1  1  0  0  0  0  1  1  1
0  1  1  1  1  1  1  0  1  1  0  0  0  1  0  1  1  0  1  1  1  1  0  1  1
1  0  1  1  0  1  0  0  0  1  1  0  0  0  0  1  0  1  1  1  1  0  0  0  0
0  0  0  0  1  1  1  1  0  1  0  0  1  1  1  1  0  0  0  0  1  1  0  1  0
0  1  1  1  1  1  0  0  1  0  0  1  0  1  1  0  0  0  1  1  1  0  1  1  0
1  1  1  0  0  0  1  1  0  1  0  0  0  1  0  0  1  1  0  1  0  0  1  0  0
1  0  1  1  0  1  0  1  1  1  0  1  1  1  0  0  0  0  0  1  0  0  0  0  0
1  1  1  1  0  0  1  0  0  1  1  1  0  1  1  0  1  0  0  0  0  0  0  1  0
1  0  1  0  0  0  1  1  0  1  0  0  1  1  0  0  0  0  0  1  0  0  0  1  1
0  0  1  0  1  1  0  0  0  0  1  0  0  0  1  1  0  0  1  1  0  0  1  0  1
0  0  1  0  0  0  1  1  1  0  1  0  0  0  1  0  1  1  0  1  1  0  0  1  0
1  1  0  1  0  1  1  0  0  0  0  0  1  0  0  1  1  0  1  1  1  0  0  1  0
0  1  0  1  1  0  0  0  0  0  0  0  1  0  0  1  1  1  0  0  1  1  1  1  0
$9
1  1  1  0  1  0  1  0  1  1  0  1  1  1  0  0  0  1  0  0  0  1  0  1  0
0  0  1  0  1  0  0  1  1  1  1  1  1  1  0  0  1  0  1  0  1  1  1  1  0
1  1  1  0  1  0  1  0  1  1  0  1  0  1  1  0  0  1  0  1  1  1  0  1  0
0  1  0  1  1  1  1  1  1  0  0  1  0  1  1  0  1  1  0  0  0  0  1  1  1
0  0  1  0  0  1  0  0  1  1  1  0  0  0  1  0  0  0  0  0  1  1  0  1  0
0  1  0  1  1  1  1  1  0  0  1  1  0  0  0  0  1  1  1  0  1  0  0  0  0
0  1  1  1  1  0  0  1  1  1  1  0  0  1  1  0  1  1  1  1  0  0  0  0  1
0  1  1  0  1  0  0  0  0  1  0  0  1  1  0  1  1  0  1  1  1  0  0  1  0
0  1  0  0  0  0  0  0  0  0  1  1  0  1  1  0  0  1  1  1  1  1  1  0  0
0  0  0  1  1  0  0  1  0  0  0  1  0  1  0  1  1  0  0  0  1  0  1  0  1
1  1  0  0  1  0  1  0  1  1  0  0  0  0  1  1  1  1  1  0  0  1  0  1  1
0  1  0  0  1  0  0  1  1  1  0  1  0  1  0  0  1  0  0  1  1  1  0  1  0
1  1  0  1  1  1  1  0  1  1  0  1  0  1  1  0  1  1  0  1  0  0  0  0  0
0  1  0  1  1  1  1  1  1  0  0  0  0  0  0  0  1  0  1  0  0  0  0  0  0
1  1  0  1  1  0  1  0  0  0  0  0  0  0  0  1  0  1  0  1  0  1  0  1  0
0  0  0  0  0  1  1  1  1  1  1  0  0  0  0  0  1  0  0  0  1  1  0  1  0
1  1  0  1  1  0  0  0  0  1  1  1  1  0  1  0  0  0  1  1  0  1  0  1  1
0  0  0  0  1  1  0  1  1  1  0  0  0  1  1  1  0  1  1  1  0  0  1  0  0
1  0  0  1  1  0  1  1  1  0  1  0  0  0  1  1  0  0  1  0  0  0  1  1  1
0  1  0  1  1  0  1  1  0  1  1  1  0  1  1  0  1  0  0  0  1  0  1  1  1
0  1  1  1  1  1  0  1  0  1  0  0  1  0  0  1  1  1  1  1  1  0  0  0  1
1  0  0  1  1  1  1  1  0  0  0  0  1  0  1  0  0  0  1  0  1  0  1  1  0
0  0  1  0  0  0  0  1  1  0  0  0  1  1  1  0  1  0  1  0  1  1  0  0  1
0  1  0  1  0  0  0  1  1  0  1  1  1  0  0  1  0  1  0  1  1  1  0  0  1
0  0  0  0  1  1  1  0  1  0  1  1  1  0  0  0  0  1  0  0  1  0  0  0  1
$10
0  0  0  0  1  1  0  0  0  0  0  0  0  1  1  1  0  1  0  0  1  0  0  1  0
0  0  1  0  0  0  1  0  0  0  1  1  0  1  1  0  1  0  1  0  1  1  1  0  0
0  0  1  1  0  1  0  1  1  0  1  1  1  1  1  1  1  1  1  0  1  0  1  0  1
0  0  0  1  1  1  1  0  1  0  0  1  1  1  1  0  1  1  1  1  0  1  1  1  0
1  1  0  1  0  0  1  0  0  0  0  0  0  0  0  1  0  1  0  0  0  0  1  0  0
1  0  1  1  0  0  1  0  1  1  0  0  1  0  1  0  0  0  1  1  1  0  0  0  0
0  0  0  0  1  1  0  0  0  1  0  1  1  1  0  0  0  1  1  1  1  1  0  1  0
0  0  1  1  0  0  1  1  0  1  0  1  1  0  0  1  1  1  1  0  0  0  0  0  1
0  1  0  1  0  0  1  0  0  1  0  1  0  0  0  0  0  0  0  1  0  0  0  1  0
1  1  1  0  0  0  1  1  0  1  1  1  1  1  1  0  0  0  0  1  1  1  0  1  1
1  1  0  1  0  0  1  0  0  0  0  1  0  1  0  1  0  1  0  1  1  1  1  0  0
1  0  1  1  0  1  1  1  1  0  1  1  0  0  1  1  1  0  1  0  0  0  0  1  0
1  1  1  0  0  0  1  1  0  1  0  0  0  1  1  1  0  1  0  0  1  1  0  0  1
0  1  0  0  0  0  1  0  0  0  0  0  0  1  1  1  0  1  1  1  0  1  1  1  1
0  0  1  0  0  0  1  1  1  0  1  1  1  0  0  0  0  1  1  1  0  1  1  1  0
0  0  1  1  0  1  0  0  0  0  0  1  1  0  0  1  1  1  1  0  0  1  1  1  1
0  0  1  0  1  1  0  1  1  1  1  0  0  1  1  1  1  0  0  1  1  1  0  1  0
0  0  0  0  0  1  1  0  0  1  1  0  1  0  1  0  0  1  1  1  1  1  1  0  0
0  1  1  0  1  0  1  0  0  1  1  1  0  1  0  0  1  1  1  0  1  0  0  0  0
0  1  1  1  1  1  0  1  0  1  0  0  0  0  0  0  0  0  1  1  1  0  0  0  0
1  1  1  0  0  0  0  0  1  1  1  0  1  1  1  0  1  0  1  0  1  0  1  1  0
0  1  1  1  1  1  1  1  0  1  1  1  0  1  0  0  0  0  1  1  0  1  0  1  0
1  0  1  0  1  0  1  0  0  0  0  1  0  1  1  0  1  1  1  1  0  0  1  0  0
1  1  0  0  0  1  0  1  1  1  1  1  0  0  1  0  0  0  1  1  1  0  0  1  0
0  0  1  1  1  0  1  0  1  1  1  1  0  1  0  1  0  0  1  0  1  1  0  0  1
